This is pdfTeX, Version 3.141592653-2.6-1.40.25 (TeX Live 2023/Debian) (preloaded format=pdflatex 2026.1.27)  4 FEB 2026 00:10
entering extended mode
 restricted \write18 enabled.
 file:line:error style messages enabled.
 %&-line parsing enabled.
**/home/arthur1/Escritorio/Paper_Comp_DL_Cancer/main.tex
(/home/arthur1/Escritorio/Paper_Comp_DL_Cancer/main.tex
LaTeX2e <2023-11-01> patch level 1
L3 programming layer <2024-01-22>
(/usr/share/texlive/texmf-dist/tex/latex/elsarticle/elsarticle.cls
Document Class: elsarticle 2020/11/20, 3.3: Elsevier Ltd
(/usr/share/texlive/texmf-dist/tex/latex/l3kernel/expl3.sty
Package: expl3 2024-01-22 L3 programming layer (loader) 
 (/usr/share/texlive/texmf-dist/tex/latex/l3backend/l3backend-pdftex.def
File: l3backend-pdftex.def 2024-01-04 L3 backend support: PDF output (pdfTeX)
\l__color_backend_stack_int=\count187
\l__pdf_internal_box=\box51
)) (/usr/share/texlive/texmf-dist/tex/latex/l3packages/xparse/xparse.sty
Package: xparse 2023-10-10 L3 Experimental document command parser
) (/usr/share/texlive/texmf-dist/tex/latex/etoolbox/etoolbox.sty
Package: etoolbox 2020/10/05 v2.5k e-TeX tools for LaTeX (JAW)
\etb@tempcnta=\count188
)
\@bls=\dimen140
 (/usr/share/texlive/texmf-dist/tex/latex/base/article.cls
Document Class: article 2023/05/17 v1.4n Standard LaTeX document class
(/usr/share/texlive/texmf-dist/tex/latex/base/size10.clo
File: size10.clo 2023/05/17 v1.4n Standard LaTeX file (size option)
)
\c@part=\count189
\c@section=\count190
\c@subsection=\count191
\c@subsubsection=\count192
\c@paragraph=\count193
\c@subparagraph=\count194
\c@figure=\count195
\c@table=\count196
\abovecaptionskip=\skip48
\belowcaptionskip=\skip49
\bibindent=\dimen141
) (/usr/share/texlive/texmf-dist/tex/latex/graphics/graphicx.sty
Package: graphicx 2021/09/16 v1.2d Enhanced LaTeX Graphics (DPC,SPQR)
 (/usr/share/texlive/texmf-dist/tex/latex/graphics/keyval.sty
Package: keyval 2022/05/29 v1.15 key=value parser (DPC)
\KV@toks@=\toks17
) (/usr/share/texlive/texmf-dist/tex/latex/graphics/graphics.sty
Package: graphics 2022/03/10 v1.4e Standard LaTeX Graphics (DPC,SPQR)
 (/usr/share/texlive/texmf-dist/tex/latex/graphics/trig.sty
Package: trig 2021/08/11 v1.11 sin cos tan (DPC)
) (/usr/share/texlive/texmf-dist/tex/latex/graphics-cfg/graphics.cfg
File: graphics.cfg 2016/06/04 v1.11 sample graphics configuration
)
Package graphics Info: Driver file: pdftex.def on input line 107.
 (/usr/share/texlive/texmf-dist/tex/latex/graphics-def/pdftex.def
File: pdftex.def 2022/09/22 v1.2b Graphics/color driver for pdftex
))
\Gin@req@height=\dimen142
\Gin@req@width=\dimen143
)
\c@tnote=\count197
\c@fnote=\count198
\c@cnote=\count199
\c@ead=\count266
\c@author=\count267
\@eadauthor=\toks18
\c@affn=\count268
\absbox=\box52
\elsarticlehighlightsbox=\box53
\elsarticlegrabsbox=\box54
\keybox=\box55
\Columnwidth=\dimen144
\space@left=\dimen145
\els@boxa=\box56
\els@boxb=\box57
\leftMargin=\dimen146
\@enLab=\toks19
\@sep=\skip50
\@@sep=\skip51
 (build/main.spl) (/usr/share/texlive/texmf-dist/tex/latex/natbib/natbib.sty
Package: natbib 2010/09/13 8.31b (PWD, AO)
\bibhang=\skip52
\bibsep=\skip53
LaTeX Info: Redefining \cite on input line 694.
\c@NAT@ctr=\count269
)
\splwrite=\write3
\openout3 = `main.spl'.

\appnamewidth=\dimen147
) (/usr/share/texlive/texmf-dist/tex/latex/psnfss/mathpazo.sty
Package: mathpazo 2020/03/25 PSNFSS-v9.3 Palatino w/ Pazo Math (D.Puga, WaS) 
\symupright=\mathgroup4
) (/usr/share/texlive/texmf-dist/tex/latex/parskip/parskip.sty
Package: parskip 2021-03-14 v2.0h non-zero parskip adjustments
 (/usr/share/texlive/texmf-dist/tex/latex/kvoptions/kvoptions.sty
Package: kvoptions 2022-06-15 v3.15 Key value format for package options (HO)
 (/usr/share/texlive/texmf-dist/tex/generic/ltxcmds/ltxcmds.sty
Package: ltxcmds 2023-12-04 v1.26 LaTeX kernel commands for general use (HO)
) (/usr/share/texlive/texmf-dist/tex/latex/kvsetkeys/kvsetkeys.sty
Package: kvsetkeys 2022-10-05 v1.19 Key value parser (HO)
))) (/usr/share/texlive/texmf-dist/tex/latex/multirow/multirow.sty
Package: multirow 2021/03/15 v2.8 Span multiple rows of a table
\multirow@colwidth=\skip54
\multirow@cntb=\count270
\multirow@dima=\skip55
\bigstrutjot=\dimen148
) (/usr/share/texlive/texmf-dist/tex/latex/amsfonts/amssymb.sty
Package: amssymb 2013/01/14 v3.01 AMS font symbols
 (/usr/share/texlive/texmf-dist/tex/latex/amsfonts/amsfonts.sty
Package: amsfonts 2013/01/14 v3.01 Basic AMSFonts support
\@emptytoks=\toks20
\symAMSa=\mathgroup5
\symAMSb=\mathgroup6
LaTeX Font Info:    Redeclaring math symbol \hbar on input line 98.
LaTeX Font Info:    Overwriting math alphabet `\mathfrak' in version `bold'
(Font)                  U/euf/m/n --> U/euf/b/n on input line 106.
)) (/usr/share/texlive/texmf-dist/tex/latex/hyperref/hyperref.sty
Package: hyperref 2024-01-20 v7.01h Hypertext links for LaTeX
 (/usr/share/texlive/texmf-dist/tex/generic/iftex/iftex.sty
Package: iftex 2022/02/03 v1.0f TeX engine tests
) (/usr/share/texlive/texmf-dist/tex/generic/kvdefinekeys/kvdefinekeys.sty
Package: kvdefinekeys 2019-12-19 v1.6 Define keys (HO)
) (/usr/share/texlive/texmf-dist/tex/generic/pdfescape/pdfescape.sty
Package: pdfescape 2019/12/09 v1.15 Implements pdfTeX's escape features (HO)
 (/usr/share/texlive/texmf-dist/tex/generic/pdftexcmds/pdftexcmds.sty
Package: pdftexcmds 2020-06-27 v0.33 Utility functions of pdfTeX for LuaTeX (HO)
 (/usr/share/texlive/texmf-dist/tex/generic/infwarerr/infwarerr.sty
Package: infwarerr 2019/12/03 v1.5 Providing info/warning/error messages (HO)
)
Package pdftexcmds Info: \pdf@primitive is available.
Package pdftexcmds Info: \pdf@ifprimitive is available.
Package pdftexcmds Info: \pdfdraftmode found.
)) (/usr/share/texlive/texmf-dist/tex/latex/hycolor/hycolor.sty
Package: hycolor 2020-01-27 v1.10 Color options for hyperref/bookmark (HO)
) (/usr/share/texlive/texmf-dist/tex/latex/auxhook/auxhook.sty
Package: auxhook 2019-12-17 v1.6 Hooks for auxiliary files (HO)
) (/usr/share/texlive/texmf-dist/tex/latex/hyperref/nameref.sty
Package: nameref 2023-11-26 v2.56 Cross-referencing by name of section
 (/usr/share/texlive/texmf-dist/tex/latex/refcount/refcount.sty
Package: refcount 2019/12/15 v3.6 Data extraction from label references (HO)
) (/usr/share/texlive/texmf-dist/tex/generic/gettitlestring/gettitlestring.sty
Package: gettitlestring 2019/12/15 v1.6 Cleanup title references (HO)
)
\c@section@level=\count271
)
\@linkdim=\dimen149
\Hy@linkcounter=\count272
\Hy@pagecounter=\count273
 (/usr/share/texlive/texmf-dist/tex/latex/hyperref/pd1enc.def
File: pd1enc.def 2024-01-20 v7.01h Hyperref: PDFDocEncoding definition (HO)
Now handling font encoding PD1 ...
... no UTF-8 mapping file for font encoding PD1
) (/usr/share/texlive/texmf-dist/tex/generic/intcalc/intcalc.sty
Package: intcalc 2019/12/15 v1.3 Expandable calculations with integers (HO)
)
\Hy@SavedSpaceFactor=\count274
 (/usr/share/texlive/texmf-dist/tex/latex/hyperref/puenc.def
File: puenc.def 2024-01-20 v7.01h Hyperref: PDF Unicode definition (HO)
Now handling font encoding PU ...
... no UTF-8 mapping file for font encoding PU
)
Package hyperref Info: Hyper figures OFF on input line 4179.
Package hyperref Info: Link nesting OFF on input line 4184.
Package hyperref Info: Hyper index ON on input line 4187.
Package hyperref Info: Plain pages OFF on input line 4194.
Package hyperref Info: Backreferencing OFF on input line 4199.
Package hyperref Info: Implicit mode ON; LaTeX internals redefined.
Package hyperref Info: Bookmarks ON on input line 4446.
\c@Hy@tempcnt=\count275
 (/usr/share/texlive/texmf-dist/tex/latex/url/url.sty
\Urlmuskip=\muskip16
Package: url 2013/09/16  ver 3.4  Verb mode for urls, etc.
)
LaTeX Info: Redefining \url on input line 4784.
\XeTeXLinkMargin=\dimen150
 (/usr/share/texlive/texmf-dist/tex/generic/bitset/bitset.sty
Package: bitset 2019/12/09 v1.3 Handle bit-vector datatype (HO)
 (/usr/share/texlive/texmf-dist/tex/generic/bigintcalc/bigintcalc.sty
Package: bigintcalc 2019/12/15 v1.5 Expandable calculations on big integers (HO)
))
\Fld@menulength=\count276
\Field@Width=\dimen151
\Fld@charsize=\dimen152
Package hyperref Info: Hyper figures OFF on input line 6063.
Package hyperref Info: Link nesting OFF on input line 6068.
Package hyperref Info: Hyper index ON on input line 6071.
Package hyperref Info: backreferencing OFF on input line 6078.
Package hyperref Info: Link coloring OFF on input line 6083.
Package hyperref Info: Link coloring with OCG OFF on input line 6088.
Package hyperref Info: PDF/A mode OFF on input line 6093.
 (/usr/share/texlive/texmf-dist/tex/latex/base/atbegshi-ltx.sty
Package: atbegshi-ltx 2021/01/10 v1.0c Emulation of the original atbegshi
package with kernel methods
)
\Hy@abspage=\count277
\c@Item=\count278
\c@Hfootnote=\count279
)
Package hyperref Info: Driver (autodetected): hpdftex.
 (/usr/share/texlive/texmf-dist/tex/latex/hyperref/hpdftex.def
File: hpdftex.def 2024-01-20 v7.01h Hyperref driver for pdfTeX
 (/usr/share/texlive/texmf-dist/tex/latex/base/atveryend-ltx.sty
Package: atveryend-ltx 2020/08/19 v1.0a Emulation of the original atveryend package
with kernel methods
)
\Fld@listcount=\count280
\c@bookmark@seq@number=\count281
 (/usr/share/texlive/texmf-dist/tex/latex/rerunfilecheck/rerunfilecheck.sty
Package: rerunfilecheck 2022-07-10 v1.10 Rerun checks for auxiliary files (HO)
 (/usr/share/texlive/texmf-dist/tex/generic/uniquecounter/uniquecounter.sty
Package: uniquecounter 2019/12/15 v1.4 Provide unlimited unique counter (HO)
)
Package uniquecounter Info: New unique counter `rerunfilecheck' on input line 285.
)
\Hy@SectionHShift=\skip56
) (/usr/share/texlive/texmf-dist/tex/latex/amsmath/amsmath.sty
Package: amsmath 2023/05/13 v2.17o AMS math features
\@mathmargin=\skip57

For additional information on amsmath, use the `?' option.
(/usr/share/texlive/texmf-dist/tex/latex/amsmath/amstext.sty
Package: amstext 2021/08/26 v2.01 AMS text
 (/usr/share/texlive/texmf-dist/tex/latex/amsmath/amsgen.sty
File: amsgen.sty 1999/11/30 v2.0 generic functions
\@emptytoks=\toks21
\ex@=\dimen153
)) (/usr/share/texlive/texmf-dist/tex/latex/amsmath/amsbsy.sty
Package: amsbsy 1999/11/29 v1.2d Bold Symbols
\pmbraise@=\dimen154
) (/usr/share/texlive/texmf-dist/tex/latex/amsmath/amsopn.sty
Package: amsopn 2022/04/08 v2.04 operator names
)
\inf@bad=\count282
LaTeX Info: Redefining \frac on input line 234.
\uproot@=\count283
\leftroot@=\count284
LaTeX Info: Redefining \overline on input line 399.
LaTeX Info: Redefining \colon on input line 410.
\classnum@=\count285
\DOTSCASE@=\count286
LaTeX Info: Redefining \ldots on input line 496.
LaTeX Info: Redefining \dots on input line 499.
LaTeX Info: Redefining \cdots on input line 620.
\Mathstrutbox@=\box58
\strutbox@=\box59
LaTeX Info: Redefining \big on input line 722.
LaTeX Info: Redefining \Big on input line 723.
LaTeX Info: Redefining \bigg on input line 724.
LaTeX Info: Redefining \Bigg on input line 725.
\big@size=\dimen155
LaTeX Font Info:    Redeclaring font encoding OML on input line 743.
LaTeX Font Info:    Redeclaring font encoding OMS on input line 744.
\macc@depth=\count287
LaTeX Info: Redefining \bmod on input line 905.
LaTeX Info: Redefining \pmod on input line 910.
LaTeX Info: Redefining \smash on input line 940.
LaTeX Info: Redefining \relbar on input line 970.
LaTeX Info: Redefining \Relbar on input line 971.
\c@MaxMatrixCols=\count288
\dotsspace@=\muskip17
\c@parentequation=\count289
\dspbrk@lvl=\count290
\tag@help=\toks22
\row@=\count291
\column@=\count292
\maxfields@=\count293
\andhelp@=\toks23
\eqnshift@=\dimen156
\alignsep@=\dimen157
\tagshift@=\dimen158
\tagwidth@=\dimen159
\totwidth@=\dimen160
\lineht@=\dimen161
\@envbody=\toks24
\multlinegap=\skip58
\multlinetaggap=\skip59
\mathdisplay@stack=\toks25
LaTeX Info: Redefining \[ on input line 2953.
LaTeX Info: Redefining \] on input line 2954.
)
LaTeX Font Info:    Trying to load font information for OT1+ppl on input line 63.
 (/usr/share/texlive/texmf-dist/tex/latex/psnfss/ot1ppl.fd
File: ot1ppl.fd 2001/06/04 font definitions for OT1/ppl.
) (build/main.aux)
\openout1 = `main.aux'.

LaTeX Font Info:    Checking defaults for OML/cmm/m/it on input line 63.
LaTeX Font Info:    ... okay on input line 63.
LaTeX Font Info:    Checking defaults for OMS/cmsy/m/n on input line 63.
LaTeX Font Info:    ... okay on input line 63.
LaTeX Font Info:    Checking defaults for OT1/cmr/m/n on input line 63.
LaTeX Font Info:    ... okay on input line 63.
LaTeX Font Info:    Checking defaults for T1/cmr/m/n on input line 63.
LaTeX Font Info:    ... okay on input line 63.
LaTeX Font Info:    Checking defaults for TS1/cmr/m/n on input line 63.
LaTeX Font Info:    ... okay on input line 63.
LaTeX Font Info:    Checking defaults for OMX/cmex/m/n on input line 63.
LaTeX Font Info:    ... okay on input line 63.
LaTeX Font Info:    Checking defaults for U/cmr/m/n on input line 63.
LaTeX Font Info:    ... okay on input line 63.
LaTeX Font Info:    Checking defaults for PD1/pdf/m/n on input line 63.
LaTeX Font Info:    ... okay on input line 63.
LaTeX Font Info:    Checking defaults for PU/pdf/m/n on input line 63.
LaTeX Font Info:    ... okay on input line 63.
 (/usr/share/texlive/texmf-dist/tex/context/base/mkii/supp-pdf.mkii
[Loading MPS to PDF converter (version 2006.09.02).]
\scratchcounter=\count294
\scratchdimen=\dimen162
\scratchbox=\box60
\nofMPsegments=\count295
\nofMParguments=\count296
\everyMPshowfont=\toks26
\MPscratchCnt=\count297
\MPscratchDim=\dimen163
\MPnumerator=\count298
\makeMPintoPDFobject=\count299
\everyMPtoPDFconversion=\toks27
) (/usr/share/texlive/texmf-dist/tex/latex/epstopdf-pkg/epstopdf-base.sty
Package: epstopdf-base 2020-01-24 v2.11 Base part for package epstopdf
 (/usr/share/texlive/texmf-dist/tex/latex/grfext/grfext.sty
Package: grfext 2019/12/03 v1.3 Manage graphics extensions (HO)
)
Package epstopdf-base Info: Redefining graphics rule for `.eps' on input line 485.
Package grfext Info: Graphics extension search list:
(grfext)             [.pdf,.png,.jpg,.mps,.jpeg,.jbig2,.jb2,.PDF,.PNG,.JPG,.JPEG,.JBIG2,.JB2,.eps]
(grfext)             \AppendGraphicsExtensions on input line 504.
 (/usr/share/texlive/texmf-dist/tex/latex/latexconfig/epstopdf-sys.cfg
File: epstopdf-sys.cfg 2010/07/13 v1.3 Configuration of (r)epstopdf for TeX Live
))
Package hyperref Info: Link coloring OFF on input line 63.
 (build/main.out) (build/main.out)
\@outlinefile=\write4
\openout4 = `main.out'.

LaTeX Font Info:    Trying to load font information for OML+zplm on input line 161.
 (/usr/share/texlive/texmf-dist/tex/latex/psnfss/omlzplm.fd
File: omlzplm.fd 2002/09/08 Fontinst v1.914 font definitions for OML/zplm.
)
LaTeX Font Info:    Trying to load font information for OMS+zplm on input line 161.
 (/usr/share/texlive/texmf-dist/tex/latex/psnfss/omszplm.fd
File: omszplm.fd 2002/09/08 Fontinst v1.914 font definitions for OMS/zplm.
)
LaTeX Font Info:    Trying to load font information for OMX+zplm on input line 161.
 (/usr/share/texlive/texmf-dist/tex/latex/psnfss/omxzplm.fd
File: omxzplm.fd 2002/09/08 Fontinst v1.914 font definitions for OMX/zplm.
)
LaTeX Font Info:    Trying to load font information for OT1+zplm on input line 161.
 (/usr/share/texlive/texmf-dist/tex/latex/psnfss/ot1zplm.fd
File: ot1zplm.fd 2002/09/08 Fontinst v1.914 font definitions for OT1/zplm.
)
LaTeX Font Info:    Font shape `U/msa/m/n' will be
(Font)              scaled to size 10.42007pt on input line 161.
LaTeX Font Info:    Font shape `U/msa/m/n' will be
(Font)              scaled to size 7.91925pt on input line 161.
LaTeX Font Info:    Font shape `U/msa/m/n' will be
(Font)              scaled to size 6.25204pt on input line 161.
LaTeX Font Info:    Font shape `U/msb/m/n' will be
(Font)              scaled to size 10.42007pt on input line 161.
LaTeX Font Info:    Font shape `U/msb/m/n' will be
(Font)              scaled to size 7.91925pt on input line 161.
LaTeX Font Info:    Font shape `U/msb/m/n' will be
(Font)              scaled to size 6.25204pt on input line 161.
LaTeX Font Info:    Font shape `U/msa/m/n' will be
(Font)              scaled to size 8.33606pt on input line 161.
LaTeX Font Info:    Font shape `U/msa/m/n' will be
(Font)              scaled to size 5.21004pt on input line 161.
LaTeX Font Info:    Font shape `U/msb/m/n' will be
(Font)              scaled to size 8.33606pt on input line 161.
LaTeX Font Info:    Font shape `U/msb/m/n' will be
(Font)              scaled to size 5.21004pt on input line 161.

Overfull \hbox (1.90002pt too wide) has occurred while \output is active
[] 
 []

[1


{/var/lib/texmf/fonts/map/pdftex/updmap/pdftex.map}{/usr/share/texlive/texmf-dist/fonts/enc/dvips/base/8r.enc}]
Overfull \hbox (17.20581pt too wide) in paragraph at lines 174--175
\OT1/ppl/m/n/10 crec-imiento celu-lar de-scon-tro-lado, im-pul-sado por una acu-mu-laci[]on de al-teraciones
 []


Overfull \hbox (4.30621pt too wide) in paragraph at lines 178--179
\OT1/ppl/m/n/10 del c[]ancer, se ha pre-cisado la in-te-graci[]on de m[]ultiples con-jun-tos de datos []omicos
 []


Overfull \hbox (10.71599pt too wide) in paragraph at lines 178--179
\OT1/ppl/m/n/10 gen-er-a-dos a par-tir de los mis-mos pa-cientes. El en-foque de in-te-graci[]on multi[]omica
 []


Overfull \hbox (7.92577pt too wide) in paragraph at lines 178--179
\OT1/ppl/m/n/10 per-mite de-s-cubrir pa-trones biol[]ogicos m[]as com-ple-jos y obtener una com-prensi[]on
 []

LaTeX Info: Symbol \textasciidieresis not provided by
            font family ppl in TS1 encoding.
            Default family used instead on input line 180.
LaTeX Info: Symbol \textasciidieresis not provided by
            font family ppl in TS1 encoding.
            Default family used instead on input line 180.
[2]
Overfull \hbox (2.75613pt too wide) in paragraph at lines 191--192
\OT1/ppl/m/n/10 c[]ancer y mues-tras nor-males, uti-lizando un []unico con-junto de datos multi[]omicos
 []

[3]
<Imagenes/Muestras_TCGA.png, id=174, 529.98pt x 270.465pt>
File: Imagenes/Muestras_TCGA.png Graphic file (type png)
<use Imagenes/Muestras_TCGA.png>
Package pdftex.def Info: Imagenes/Muestras_TCGA.png  used on input line 205.
(pdftex.def)             Requested size: 345.0pt x 176.06429pt.
<Imagenes/muestrasxgenes.png, id=177, 805.92pt x 381.717pt>
File: Imagenes/muestrasxgenes.png Graphic file (type png)
<use Imagenes/muestrasxgenes.png>
Package pdftex.def Info: Imagenes/muestrasxgenes.png  used on input line 215.
(pdftex.def)             Requested size: 345.0pt x 163.40704pt.
 [4 <./Imagenes/Muestras_TCGA.png>]
<Imagenes/Proc_datos.png, id=187, 8674.4075pt x 3449.88875pt>
File: Imagenes/Proc_datos.png Graphic file (type png)
<use Imagenes/Proc_datos.png>
Package pdftex.def Info: Imagenes/Proc_datos.png  used on input line 226.
(pdftex.def)             Requested size: 345.0pt x 137.18243pt.
 [5 <./Imagenes/muestrasxgenes.png> <./Imagenes/Proc_datos.png>] [6] [7]
Overfull \hbox (12.14078pt too wide) in paragraph at lines 280--281
\OT1/ppl/m/n/10 de $\OML/zplm/m/it/10 N \OT1/zplm/m/n/10 =$ \OT1/ppl/m/n/10 2,794 car-ac-ter[]^^Psticas como una se-cuen-cia tem-po-ral $\OML/zplm/m/it/10 S[] \OT1/zplm/m/n/10 = \OMS/zplm/m/n/10 f\OML/zplm/m/it/10 f[]\OT1/ppl/m/n/10 , \OML/zplm/m/it/10 f[]\OT1/ppl/m/n/10 , ..., \OML/zplm/m/it/10 f[]\OMS/zplm/m/n/10 g$\OT1/ppl/m/n/10 .
 []

[8] [9]
<Imagenes/Modelo_LeNetMod.png, id=235, 8381.3125pt x 4601.19pt>
File: Imagenes/Modelo_LeNetMod.png Graphic file (type png)
<use Imagenes/Modelo_LeNetMod.png>
Package pdftex.def Info: Imagenes/Modelo_LeNetMod.png  used on input line 319.
(pdftex.def)             Requested size: 310.4979pt x 170.39583pt.
 [10 <./Imagenes/Modelo_LeNetMod.png>]
<Imagenes/Modelo_CNN_Prof.png, id=245, 8807.90625pt x 4555.0175pt>
File: Imagenes/Modelo_CNN_Prof.png Graphic file (type png)
<use Imagenes/Modelo_CNN_Prof.png>
Package pdftex.def Info: Imagenes/Modelo_CNN_Prof.png  used on input line 330.
(pdftex.def)             Requested size: 310.4979pt x 160.55396pt.
 [11 <./Imagenes/Modelo_CNN_Prof.png>]
<Imagenes/Modelo_RNN_Sec.png, id=253, 6709.065pt x 3729.935pt>
File: Imagenes/Modelo_RNN_Sec.png Graphic file (type png)
<use Imagenes/Modelo_RNN_Sec.png>
Package pdftex.def Info: Imagenes/Modelo_RNN_Sec.png  used on input line 346.
(pdftex.def)             Requested size: 310.4979pt x 172.62062pt.
<Imagenes/Modelo_GRU_BI.png, id=254, 8494.73625pt x 4215.75pt>
File: Imagenes/Modelo_GRU_BI.png Graphic file (type png)
<use Imagenes/Modelo_GRU_BI.png>
Package pdftex.def Info: Imagenes/Modelo_GRU_BI.png  used on input line 355.
(pdftex.def)             Requested size: 310.4979pt x 154.06335pt.


LaTeX Warning: `h' float specifier changed to `ht'.


Overfull \hbox (4.11554pt too wide) in paragraph at lines 360--361
\OT1/ppl/m/n/10 mi-ARN y meti-laci[]on), en vec-tores la-tentes de 512 di-men-siones me-di-ante proyec-
 []


Overfull \hbox (21.27591pt too wide) in paragraph at lines 360--361
\OT1/ppl/m/n/10 ciones den-sas in-de-pen-di-entes (Lin-eal $\OMS/zplm/m/n/10 !$ \OT1/ppl/m/n/10 Batch Nor-mal-iza-tion $\OMS/zplm/m/n/10 !$ \OT1/ppl/m/n/10 ReLU $\OMS/zplm/m/n/10 !$ \OT1/ppl/m/n/10 Dropout).
 []

[12 <./Imagenes/Modelo_RNN_Sec.png>] [13 <./Imagenes/Modelo_GRU_BI.png>]
<Imagenes/Modelo_GCN.png, id=271, 7001.15625pt x 3148.76375pt>
File: Imagenes/Modelo_GCN.png Graphic file (type png)
<use Imagenes/Modelo_GCN.png>
Package pdftex.def Info: Imagenes/Modelo_GCN.png  used on input line 376.
(pdftex.def)             Requested size: 310.4979pt x 139.62227pt.

Overfull \hbox (0.1861pt too wide) in paragraph at lines 383--384
[]\OT1/ppl/m/n/10 La GAT se im-ple-ment[]o con cu-a-tro ca-pas dise[]nadas con un es-quema de atenci[]on
 []


Overfull \hbox (11.04672pt too wide) in paragraph at lines 383--384
\OT1/ppl/m/n/10 generando un in-ter-me-dio ma-sivo de 8,192 car-ac-ter[]^^Psticas por nodo. Para canalizar
 []

<Imagenes/Modelo_GAT.png, id=273, 7043.31375pt x 3148.76375pt>
File: Imagenes/Modelo_GAT.png Graphic file (type png)
<use Imagenes/Modelo_GAT.png>
Package pdftex.def Info: Imagenes/Modelo_GAT.png  used on input line 387.
(pdftex.def)             Requested size: 310.4979pt x 138.80548pt.

LaTeX Warning: `h' float specifier changed to `ht'.

[14 <./Imagenes/Modelo_GCN.png>]
<Imagenes/Modelo_GTN.png, id=281, 7792.11125pt x 3148.76375pt>
File: Imagenes/Modelo_GTN.png Graphic file (type png)
<use Imagenes/Modelo_GTN.png>
Package pdftex.def Info: Imagenes/Modelo_GTN.png  used on input line 400.
(pdftex.def)             Requested size: 310.4979pt x 125.44864pt.


LaTeX Warning: `h' float specifier changed to `ht'.


Overfull \hbox (3.06595pt too wide) in paragraph at lines 418--419
[]\OT1/ppl/m/n/10 Todos los mod-e-los y ex-per-i-men-tos fueron im-ple-men-ta-dos uti-lizando el lenguaje
 []

LaTeX Font Info:    Trying to load font information for TS1+ppl on input line 420.
(/usr/share/texlive/texmf-dist/tex/latex/psnfss/ts1ppl.fd
File: ts1ppl.fd 2001/06/04 font definitions for TS1/ppl.
) [15 <./Imagenes/Modelo_GAT.png>]
Overfull \hbox (0.92612pt too wide) in paragraph at lines 432--433
\OT1/ppl/m/n/10 bien es una m[]etrica est[]andar para mon-i-torear la con-ver-gen-cia, su in-ter-pretaci[]on
 []

[16 <./Imagenes/Modelo_GTN.png>] [17]
LaTeX Font Info:    Trying to load font information for U+fplmbb on input line 471.
 (/usr/share/texlive/texmf-dist/tex/latex/psnfss/ufplmbb.fd
File: ufplmbb.fd 2003/10/30 Fontinst v1.914 font definitions for U/fplmbb.
)
Overfull \hbox (3.25653pt too wide) in paragraph at lines 480--481
\OT1/ppl/m/n/10 men-tal m[]as rep-re-sen-ta-tiva. Los re-sul-ta-dos rev-e-lan una jer-arqu[]^^Pa de rendimiento
 []


LaTeX Warning: No positions in optional float specifier.
               Default added (so using `tbp') on input line 488.

LaTeX Font Info:    Font shape `U/msa/m/n' will be
(Font)              scaled to size 7.29405pt on input line 492.
LaTeX Font Info:    Font shape `U/msb/m/n' will be
(Font)              scaled to size 7.29405pt on input line 492.

Overfull \hbox (42.03506pt too wide) in paragraph at lines 505--506
\OT1/ppl/m/n/10 global com-pet-i-tivo, la topolog[]^^Pa de grafo pro-por-ciono un sesgo in-duc-tivo biol[]ogicamente
 []


Overfull \hbox (7.49576pt too wide) in paragraph at lines 505--506
\OT1/ppl/m/n/10 su-pe-rior. Esta con-firma que mod-e-lar expl[]^^Pcitamente las in-ter-ac-ciones fun-cionales
 []

[18] [19]

LaTeX Warning: No positions in optional float specifier.
               Default added (so using `tbp') on input line 513.


LaTeX Warning: No positions in optional float specifier.
               Default added (so using `tbp') on input line 567.


Overfull \hbox (2.98628pt too wide) in paragraph at lines 587--588
\OT1/ppl/m/n/10 visi[]on por com-puta-dora y proce-samiento de lenguaje nat-u-ral a datos gen[]omicos
 []

[20]
Overfull \hbox (9.96523pt too wide) in paragraph at lines 593--594
\OT1/ppl/m/n/10 ex-is-tente) con-ll-eva con-se-cuen-cias pron[]osticas ir-re-versibles para el pa-ciente, mien-
 []

[21] (build/main.bbl
Underfull \hbox (badness 10000) in paragraph at lines 13--15
\OT1/ppl/m/n/10 URL []$\OT1/cmtt/m/n/10 https : / / www . cancer . gov / about-[]cancer / understanding /
 []

[22]
Underfull \hbox (badness 1436) in paragraph at lines 32--33
[]\OT1/ppl/m/n/10 M. Mas-simino, F. Mar-torana, S. Stella, S. R. Vi-tale, C. Tomar-chio,
 []

[23] [24]) [25] (build/main.aux)
 ***********
LaTeX2e <2023-11-01> patch level 1
L3 programming layer <2024-01-22>
 ***********
Package rerunfilecheck Info: File `main.out' has not changed.
(rerunfilecheck)             Checksum: B13AEE838149D8BE76B2A5ADF7F973BB;5419.
 ) 
Here is how much of TeX's memory you used:
 11062 strings out of 476182
 170080 string characters out of 5795595
 1945975 words of memory out of 5000000
 32773 multiletter control sequences out of 15000+600000
 591063 words of font info for 130 fonts, out of 8000000 for 9000
 14 hyphenation exceptions out of 8191
 72i,16n,79p,1746b,668s stack positions out of 10000i,1000n,20000p,200000b,200000s
 </home/arthur1/.texlive2023/texmf-var/fonts/pk/ljfour/jknappen/ec/tcrm1000.600pk></usr/share/texlive/texmf-dist/fonts/type1/public/amsfonts/cm/cmex10.pfb></usr/share/texlive/texmf-dist/fonts/type1/public/amsfonts/cm/cmmi10.pfb></usr/share/texlive/texmf-dist/fonts/type1/public/amsfonts/cm/cmr10.pfb></usr/share/texlive/texmf-dist/fonts/type1/public/amsfonts/cm/cmsy10.pfb></usr/share/texlive/texmf-dist/fonts/type1/public/amsfonts/cm/cmtt10.pfb></usr/share/texlive/texmf-dist/fonts/type1/public/mathpazo/fplmbb.pfb></usr/share/texlive/texmf-dist/fonts/type1/public/mathpazo/fplmr.pfb></usr/share/texlive/texmf-dist/fonts/type1/public/mathpazo/fplmri.pfb></usr/share/texlive/texmf-dist/fonts/type1/urw/palatino/uplb8a.pfb></usr/share/texlive/texmf-dist/fonts/type1/urw/palatino/uplr8a.pfb></usr/share/texlive/texmf-dist/fonts/type1/urw/palatino/uplri8a.pfb>
Output written on build/main.pdf (25 pages, 4804729 bytes).
PDF statistics:
 430 PDF objects out of 1000 (max. 8388607)
 356 compressed objects within 4 object streams
 103 named destinations out of 1000 (max. 500000)
 267 words of extra memory for PDF output out of 10000 (max. 10000000)

